2026-08-23 23:32:12 [INFO] CSC is loading...   Success！
2026-08-23 23:35:06 [INFO] CSC is loading...   Success！
2026-08-23 23:39:08 [INFO]    _____  _____  _____ 
2026-08-23 23:39:08 [INFO]   / ____|/ ____|/ ____|
2026-08-23 23:39:08 [INFO]  | |    | (___ | |        [CSC] Version: v2.27.43
2026-08-23 23:39:08 [INFO]  | |     \___ \| |        Minecraft Version: 1.21.1 neoforge
2026-08-23 23:39:08 [INFO]  | |____ ____) | |____    Problem/Feedback: Discord: https://discord.gg/rQV5JPauY7
2026-08-23 23:39:08 [INFO]   \_____|_____/ \_____|
2026-08-23 23:39:08 [INFO]                        
2026-08-23 23:39:08 [INFO] Security notice: Mod id whitelist mode is enabled. This feature restricts printing blocks from mods outside the whitelist to reduce the risk of blueprint vulnerabilities from unknown mods.
If the administrator already understands this security notice, disable the notice with: /csc notice whitelistid off
Control mod id whitelist mode: /csc mode whitelistid on|off
Open config/CSC/config.toml for more detailed configuration.
2026-08-23 23:40:32 [INFO]  Reloading configuration--
2026-08-23 23:40:32 [INFO]  Configuration loaded
2026-08-24 00:03:33 [INFO] CSC close completely, thanks for using!
2026-08-24 00:09:59 [INFO] CSC is loading...   Success！
2026-08-24 00:10:48 [INFO]    _____  _____  _____ 
2026-08-24 00:10:48 [INFO]   / ____|/ ____|/ ____|
2026-08-24 00:10:48 [INFO]  | |    | (___ | |        [CSC] Version: v2.27.43
2026-08-24 00:10:48 [INFO]  | |     \___ \| |        Minecraft Version: 1.21.1 neoforge
2026-08-24 00:10:48 [INFO]  | |____ ____) | |____    Problem/Feedback: Discord: https://discord.gg/rQV5JPauY7
2026-08-24 00:10:48 [INFO]   \_____|_____/ \_____|
2026-08-24 00:10:48 [INFO]                        
2026-08-24 00:12:28 [INFO] CSC close completely, thanks for using!
2026-08-24 00:35:30 [INFO] CSC is loading...   Success！
2026-08-24 00:38:33 [INFO]    _____  _____  _____ 
2026-08-24 00:38:33 [INFO]   / ____|/ ____|/ ____|
2026-08-24 00:38:33 [INFO]  | |    | (___ | |        [CSC] Version: v2.27.43
2026-08-24 00:38:33 [INFO]  | |     \___ \| |        Minecraft Version: 1.21.1 neoforge
2026-08-24 00:38:33 [INFO]  | |____ ____) | |____    Problem/Feedback: Discord: https://discord.gg/rQV5JPauY7
2026-08-24 00:38:33 [INFO]   \_____|_____/ \_____|
2026-08-24 00:38:33 [INFO]                        
2026-08-24 00:43:56 [INFO] CSC close completely, thanks for using!
2026-08-24 00:46:21 [INFO] CSC is loading...   Success！
2026-08-24 00:47:34 [INFO]    _____  _____  _____ 
2026-08-24 00:47:34 [INFO]   / ____|/ ____|/ ____|
2026-08-24 00:47:34 [INFO]  | |    | (___ | |        [CSC] Version: v2.27.43
2026-08-24 00:47:34 [INFO]  | |     \___ \| |        Minecraft Version: 1.21.1 neoforge
2026-08-24 00:47:34 [INFO]  | |____ ____) | |____    Problem/Feedback: Discord: https://discord.gg/rQV5JPauY7
2026-08-24 00:47:34 [INFO]   \_____|_____/ \_____|
2026-08-24 00:47:34 [INFO]                        
2026-08-24 00:48:24 [INFO] CSC close completely, thanks for using!
2026-08-24 00:51:19 [INFO] CSC is loading...   Success！
2026-08-24 00:57:18 [INFO] CSC is loading...   Success！
2026-08-24 00:58:54 [INFO]    _____  _____  _____ 
2026-08-24 00:58:54 [INFO]   / ____|/ ____|/ ____|
2026-08-24 00:58:54 [INFO]  | |    | (___ | |        [CSC] Version: v2.27.43
2026-08-24 00:58:54 [INFO]  | |     \___ \| |        Minecraft Version: 1.21.1 neoforge
2026-08-24 00:58:54 [INFO]  | |____ ____) | |____    Problem/Feedback: Discord: https://discord.gg/rQV5JPauY7
2026-08-24 00:58:54 [INFO]   \_____|_____/ \_____|
2026-08-24 00:58:54 [INFO]                        
2026-08-24 01:04:20 [INFO] CSC close completely, thanks for using!
2026-08-24 01:06:01 [INFO] CSC is loading...   Success！
2026-08-24 01:06:58 [INFO]    _____  _____  _____ 
2026-08-24 01:06:58 [INFO]   / ____|/ ____|/ ____|
2026-08-24 01:06:58 [INFO]  | |    | (___ | |        [CSC] Version: v2.27.43
2026-08-24 01:06:58 [INFO]  | |     \___ \| |        Minecraft Version: 1.21.1 neoforge
2026-08-24 01:06:58 [INFO]  | |____ ____) | |____    Problem/Feedback: Discord: https://discord.gg/rQV5JPauY7
2026-08-24 01:06:58 [INFO]   \_____|_____/ \_____|
2026-08-24 01:06:58 [INFO]                        
2026-08-24 01:16:17 [INFO] CSC close completely, thanks for using!
2026-08-24 01:27:26 [INFO] CSC is loading...   Success！
2026-08-24 01:28:18 [INFO]    _____  _____  _____ 
2026-08-24 01:28:18 [INFO]   / ____|/ ____|/ ____|
2026-08-24 01:28:18 [INFO]  | |    | (___ | |        [CSC] Version: v2.27.43
2026-08-24 01:28:18 [INFO]  | |     \___ \| |        Minecraft Version: 1.21.1 neoforge
2026-08-24 01:28:18 [INFO]  | |____ ____) | |____    Problem/Feedback: Discord: https://discord.gg/rQV5JPauY7
2026-08-24 01:28:18 [INFO]   \_____|_____/ \_____|
2026-08-24 01:28:18 [INFO]                        
2026-08-24 01:36:18 [INFO] CSC close completely, thanks for using!
2026-08-24 02:29:45 [INFO] CSC is loading...   Success！
2026-08-24 02:30:55 [INFO]    _____  _____  _____ 
2026-08-24 02:30:55 [INFO]   / ____|/ ____|/ ____|
2026-08-24 02:30:55 [INFO]  | |    | (___ | |        [CSC] Version: v2.27.43
2026-08-24 02:30:55 [INFO]  | |     \___ \| |        Minecraft Version: 1.21.1 neoforge
2026-08-24 02:30:55 [INFO]  | |____ ____) | |____    Problem/Feedback: Discord: https://discord.gg/rQV5JPauY7
2026-08-24 02:30:55 [INFO]   \_____|_____/ \_____|
2026-08-24 02:30:55 [INFO]                        
2026-08-24 02:33:09 [INFO] CSC close completely, thanks for using!
2026-08-24 02:45:41 [INFO] CSC is loading...   Success！
2026-08-24 02:47:25 [INFO]    _____  _____  _____ 
2026-08-24 02:47:25 [INFO]   / ____|/ ____|/ ____|
2026-08-24 02:47:25 [INFO]  | |    | (___ | |        [CSC] Version: v2.27.43
2026-08-24 02:47:25 [INFO]  | |     \___ \| |        Minecraft Version: 1.21.1 neoforge
2026-08-24 02:47:25 [INFO]  | |____ ____) | |____    Problem/Feedback: Discord: https://discord.gg/rQV5JPauY7
2026-08-24 02:47:25 [INFO]   \_____|_____/ \_____|
2026-08-24 02:47:25 [INFO]                        
2026-08-24 02:51:16 [INFO] CSC close completely, thanks for using!
2026-08-24 02:59:18 [INFO] CSC is loading...   Success！
2026-08-24 03:02:49 [INFO]    _____  _____  _____ 
2026-08-24 03:02:49 [INFO]   / ____|/ ____|/ ____|
2026-08-24 03:02:49 [INFO]  | |    | (___ | |        [CSC] Version: v2.27.43
2026-08-24 03:02:49 [INFO]  | |     \___ \| |        Minecraft Version: 1.21.1 neoforge
2026-08-24 03:02:49 [INFO]  | |____ ____) | |____    Problem/Feedback: Discord: https://discord.gg/rQV5JPauY7
2026-08-24 03:02:49 [INFO]   \_____|_____/ \_____|
2026-08-24 03:02:49 [INFO]                        
2026-08-24 03:04:33 [INFO] CSC close completely, thanks for using!
2026-08-24 03:10:58 [INFO] CSC is loading...   Success！
2026-08-24 03:12:21 [INFO]    _____  _____  _____ 
2026-08-24 03:12:21 [INFO]   / ____|/ ____|/ ____|
2026-08-24 03:12:21 [INFO]  | |    | (___ | |        [CSC] Version: v2.27.43
2026-08-24 03:12:21 [INFO]  | |     \___ \| |        Minecraft Version: 1.21.1 neoforge
2026-08-24 03:12:21 [INFO]  | |____ ____) | |____    Problem/Feedback: Discord: https://discord.gg/rQV5JPauY7
2026-08-24 03:12:21 [INFO]   \_____|_____/ \_____|
2026-08-24 03:12:21 [INFO]                        
2026-08-24 03:24:34 [INFO] CSC close completely, thanks for using!
2026-08-24 05:01:02 [INFO] CSC is loading...   Success！
2026-08-24 05:01:54 [INFO]    _____  _____  _____ 
2026-08-24 05:01:54 [INFO]   / ____|/ ____|/ ____|
2026-08-24 05:01:54 [INFO]  | |    | (___ | |        [CSC] Version: v2.27.43
2026-08-24 05:01:54 [INFO]  | |     \___ \| |        Minecraft Version: 1.21.1 neoforge
2026-08-24 05:01:54 [INFO]  | |____ ____) | |____    Problem/Feedback: Discord: https://discord.gg/rQV5JPauY7
2026-08-24 05:01:54 [INFO]   \_____|_____/ \_____|
2026-08-24 05:01:54 [INFO]                        
2026-08-24 05:04:37 [INFO] CSC close completely, thanks for using!
2026-08-24 05:09:27 [INFO] CSC is loading...   Success！
2026-08-24 05:10:22 [INFO]    _____  _____  _____ 
2026-08-24 05:10:22 [INFO]   / ____|/ ____|/ ____|
2026-08-24 05:10:22 [INFO]  | |    | (___ | |        [CSC] Version: v2.27.43
2026-08-24 05:10:22 [INFO]  | |     \___ \| |        Minecraft Version: 1.21.1 neoforge
2026-08-24 05:10:22 [INFO]  | |____ ____) | |____    Problem/Feedback: Discord: https://discord.gg/rQV5JPauY7
2026-08-24 05:10:22 [INFO]   \_____|_____/ \_____|
2026-08-24 05:10:22 [INFO]                        
2026-08-24 05:13:36 [INFO] CSC close completely, thanks for using!
2026-08-24 05:19:44 [INFO] CSC is loading...   Success！
2026-08-24 05:21:12 [INFO]    _____  _____  _____ 
2026-08-24 05:21:12 [INFO]   / ____|/ ____|/ ____|
2026-08-24 05:21:12 [INFO]  | |    | (___ | |        [CSC] Version: v2.27.43
2026-08-24 05:21:12 [INFO]  | |     \___ \| |        Minecraft Version: 1.21.1 neoforge
2026-08-24 05:21:12 [INFO]  | |____ ____) | |____    Problem/Feedback: Discord: https://discord.gg/rQV5JPauY7
2026-08-24 05:21:12 [INFO]   \_____|_____/ \_____|
2026-08-24 05:21:12 [INFO]                        
2026-08-24 05:27:46 [INFO] CSC close completely, thanks for using!
2026-08-24 05:29:07 [INFO] CSC is loading...   Success！
2026-08-24 05:29:58 [INFO]    _____  _____  _____ 
2026-08-24 05:29:58 [INFO]   / ____|/ ____|/ ____|
2026-08-24 05:29:58 [INFO]  | |    | (___ | |        [CSC] Version: v2.27.43
2026-08-24 05:29:58 [INFO]  | |     \___ \| |        Minecraft Version: 1.21.1 neoforge
2026-08-24 05:29:58 [INFO]  | |____ ____) | |____    Problem/Feedback: Discord: https://discord.gg/rQV5JPauY7
2026-08-24 05:29:58 [INFO]   \_____|_____/ \_____|
2026-08-24 05:29:58 [INFO]                        
2026-08-24 05:40:41 [INFO] CSC close completely, thanks for using!
2026-08-24 17:06:42 [INFO] CSC is loading...   Success！
2026-08-24 17:49:41 [INFO] CSC is loading...   Success！
2026-08-24 19:20:10 [INFO] CSC is loading...   Success！
2026-08-24 19:21:00 [INFO]    _____  _____  _____ 
2026-08-24 19:21:00 [INFO]   / ____|/ ____|/ ____|
2026-08-24 19:21:00 [INFO]  | |    | (___ | |        [CSC] Version: v2.27.43
2026-08-24 19:21:00 [INFO]  | |     \___ \| |        Minecraft Version: 1.21.1 neoforge
2026-08-24 19:21:00 [INFO]  | |____ ____) | |____    Problem/Feedback: Discord: https://discord.gg/rQV5JPauY7
2026-08-24 19:21:00 [INFO]   \_____|_____/ \_____|
2026-08-24 19:21:00 [INFO]                        
2026-08-24 19:22:34 [INFO] CSC close completely, thanks for using!
2026-08-24 19:23:55 [INFO] CSC is loading...   Success！
2026-08-24 19:24:45 [INFO]    _____  _____  _____ 
2026-08-24 19:24:45 [INFO]   / ____|/ ____|/ ____|
2026-08-24 19:24:45 [INFO]  | |    | (___ | |        [CSC] Version: v2.27.43
2026-08-24 19:24:45 [INFO]  | |     \___ \| |        Minecraft Version: 1.21.1 neoforge
2026-08-24 19:24:45 [INFO]  | |____ ____) | |____    Problem/Feedback: Discord: https://discord.gg/rQV5JPauY7
2026-08-24 19:24:45 [INFO]   \_____|_____/ \_____|
2026-08-24 19:24:45 [INFO]                        
2026-08-24 19:26:57 [INFO] CSC close completely, thanks for using!
2026-08-24 21:20:35 [INFO] CSC is loading...   Success！
2026-08-24 23:40:22 [INFO] CSC is loading...   Success！
2026-08-24 23:46:44 [INFO] CSC is loading...   Success！
2026-08-25 19:01:43 [INFO] CSC is loading...   Success！
2026-08-25 19:02:35 [INFO]    _____  _____  _____ 
2026-08-25 19:02:35 [INFO]   / ____|/ ____|/ ____|
2026-08-25 19:02:35 [INFO]  | |    | (___ | |        [CSC] Version: v2.27.43
2026-08-25 19:02:35 [INFO]  | |     \___ \| |        Minecraft Version: 1.21.1 neoforge
2026-08-25 19:02:35 [INFO]  | |____ ____) | |____    Problem/Feedback: Discord: https://discord.gg/rQV5JPauY7
2026-08-25 19:02:35 [INFO]   \_____|_____/ \_____|
2026-08-25 19:02:35 [INFO]                        
2026-08-25 19:06:32 [INFO] CSC close completely, thanks for using!
2026-08-25 19:11:59 [WARN] [CSC] Old config.toml archived to C:\Users\antho\AppData\Roaming\PrismLauncher\instances\Craftoria-Dev\minecraft\config\CSC\config_old_2026_08_25_19_11_59.toml because ConfigVersion changed from 2.27.43 to 2.27.45
2026-08-25 19:12:02 [INFO] CSC is loading...   Success！
2026-08-25 19:14:13 [INFO] CSC is loading...   Success！
2026-08-25 19:16:34 [INFO]    _____  _____  _____ 
2026-08-25 19:16:34 [INFO]   / ____|/ ____|/ ____|
2026-08-25 19:16:34 [INFO]  | |    | (___ | |        [CSC] Version: v2.27.45
2026-08-25 19:16:34 [INFO]  | |     \___ \| |        Minecraft Version: 1.21.1 neoforge
2026-08-25 19:16:34 [INFO]  | |____ ____) | |____    Problem/Feedback: Discord: https://discord.gg/rQV5JPauY7
2026-08-25 19:16:34 [INFO]   \_____|_____/ \_____|
2026-08-25 19:16:34 [INFO]                        
2026-08-25 19:17:27 [INFO] CSC close completely, thanks for using!
2026-08-26 06:32:01 [INFO] CSC is loading...   Success！
2026-08-26 06:33:09 [INFO]    _____  _____  _____ 
2026-08-26 06:33:09 [INFO]   / ____|/ ____|/ ____|
2026-08-26 06:33:09 [INFO]  | |    | (___ | |        [CSC] Version: v2.27.45
2026-08-26 06:33:09 [INFO]  | |     \___ \| |        Minecraft Version: 1.21.1 neoforge
2026-08-26 06:33:09 [INFO]  | |____ ____) | |____    Problem/Feedback: Discord: https://discord.gg/rQV5JPauY7
2026-08-26 06:33:09 [INFO]   \_____|_____/ \_____|
2026-08-26 06:33:09 [INFO]                        
2026-08-26 09:26:30 [INFO] CSC close completely, thanks for using!
2026-08-26 09:29:22 [INFO] CSC is loading...   Success！
2026-08-26 09:31:25 [INFO]    _____  _____  _____ 
2026-08-26 09:31:25 [INFO]   / ____|/ ____|/ ____|
2026-08-26 09:31:25 [INFO]  | |    | (___ | |        [CSC] Version: v2.27.45
2026-08-26 09:31:25 [INFO]  | |     \___ \| |        Minecraft Version: 1.21.1 neoforge
2026-08-26 09:31:25 [INFO]  | |____ ____) | |____    Problem/Feedback: Discord: https://discord.gg/rQV5JPauY7
2026-08-26 09:31:25 [INFO]   \_____|_____/ \_____|
2026-08-26 09:31:25 [INFO]                        
2026-08-26 09:34:00 [INFO] CSC close completely, thanks for using!
2026-08-26 23:48:48 [INFO] CSC is loading...   Success！
2026-08-26 23:52:38 [INFO]    _____  _____  _____ 
2026-08-26 23:52:38 [INFO]   / ____|/ ____|/ ____|
2026-08-26 23:52:38 [INFO]  | |    | (___ | |        [CSC] Version: v2.27.45
2026-08-26 23:52:38 [INFO]  | |     \___ \| |        Minecraft Version: 1.21.1 neoforge
2026-08-26 23:52:38 [INFO]  | |____ ____) | |____    Problem/Feedback: Discord: https://discord.gg/rQV5JPauY7
2026-08-26 23:52:38 [INFO]   \_____|_____/ \_____|
2026-08-26 23:52:38 [INFO]                        
2026-08-27 01:10:59 [INFO] CSC close completely, thanks for using!
2026-08-27 01:11:25 [INFO]    _____  _____  _____ 
2026-08-27 01:11:25 [INFO]   / ____|/ ____|/ ____|
2026-08-27 01:11:25 [INFO]  | |    | (___ | |        [CSC] Version: v2.27.45
2026-08-27 01:11:25 [INFO]  | |     \___ \| |        Minecraft Version: 1.21.1 neoforge
2026-08-27 01:11:25 [INFO]  | |____ ____) | |____    Problem/Feedback: Discord: https://discord.gg/rQV5JPauY7
2026-08-27 01:11:25 [INFO]   \_____|_____/ \_____|
2026-08-27 01:11:25 [INFO]                        
2026-08-27 01:20:34 [INFO] CSC close completely, thanks for using!
2026-08-27 01:26:33 [INFO] CSC is loading...   Success！
2026-08-27 01:27:42 [INFO]    _____  _____  _____ 
2026-08-27 01:27:42 [INFO]   / ____|/ ____|/ ____|
2026-08-27 01:27:42 [INFO]  | |    | (___ | |        [CSC] Version: v2.27.45
2026-08-27 01:27:42 [INFO]  | |     \___ \| |        Minecraft Version: 1.21.1 neoforge
2026-08-27 01:27:42 [INFO]  | |____ ____) | |____    Problem/Feedback: Discord: https://discord.gg/rQV5JPauY7
2026-08-27 01:27:42 [INFO]   \_____|_____/ \_____|
2026-08-27 01:27:42 [INFO]                        
2026-08-27 01:40:38 [INFO] CSC close completely, thanks for using!
2026-08-27 01:41:08 [INFO]    _____  _____  _____ 
2026-08-27 01:41:08 [INFO]   / ____|/ ____|/ ____|
2026-08-27 01:41:08 [INFO]  | |    | (___ | |        [CSC] Version: v2.27.45
2026-08-27 01:41:08 [INFO]  | |     \___ \| |        Minecraft Version: 1.21.1 neoforge
2026-08-27 01:41:08 [INFO]  | |____ ____) | |____    Problem/Feedback: Discord: https://discord.gg/rQV5JPauY7
2026-08-27 01:41:08 [INFO]   \_____|_____/ \_____|
2026-08-27 01:41:08 [INFO]                        
2026-08-27 02:24:30 [INFO] CSC close completely, thanks for using!
2026-08-27 02:28:16 [INFO] CSC is loading...   Success！
2026-08-27 02:29:38 [INFO]    _____  _____  _____ 
2026-08-27 02:29:38 [INFO]   / ____|/ ____|/ ____|
2026-08-27 02:29:38 [INFO]  | |    | (___ | |        [CSC] Version: v2.27.45
2026-08-27 02:29:38 [INFO]  | |     \___ \| |        Minecraft Version: 1.21.1 neoforge
2026-08-27 02:29:38 [INFO]  | |____ ____) | |____    Problem/Feedback: Discord: https://discord.gg/rQV5JPauY7
2026-08-27 02:29:38 [INFO]   \_____|_____/ \_____|
2026-08-27 02:29:38 [INFO]                        
2026-08-27 02:36:12 [INFO] CSC close completely, thanks for using!
2026-08-27 04:42:39 [INFO] CSC is loading...   Success！
2026-08-27 04:43:58 [INFO]    _____  _____  _____ 
2026-08-27 04:43:58 [INFO]   / ____|/ ____|/ ____|
2026-08-27 04:43:58 [INFO]  | |    | (___ | |        [CSC] Version: v2.27.45
2026-08-27 04:43:58 [INFO]  | |     \___ \| |        Minecraft Version: 1.21.1 neoforge
2026-08-27 04:43:58 [INFO]  | |____ ____) | |____    Problem/Feedback: Discord: https://discord.gg/rQV5JPauY7
2026-08-27 04:43:58 [INFO]   \_____|_____/ \_____|
2026-08-27 04:43:58 [INFO]                        
2026-08-27 04:50:08 [INFO] CSC close completely, thanks for using!
2026-08-27 06:52:05 [INFO] CSC is loading...   Success！
2026-08-27 06:53:26 [INFO]    _____  _____  _____ 
2026-08-27 06:53:26 [INFO]   / ____|/ ____|/ ____|
2026-08-27 06:53:26 [INFO]  | |    | (___ | |        [CSC] Version: v2.27.45
2026-08-27 06:53:26 [INFO]  | |     \___ \| |        Minecraft Version: 1.21.1 neoforge
2026-08-27 06:53:26 [INFO]  | |____ ____) | |____    Problem/Feedback: Discord: https://discord.gg/rQV5JPauY7
2026-08-27 06:53:26 [INFO]   \_____|_____/ \_____|
2026-08-27 06:53:26 [INFO]                        
2026-08-27 06:54:21 [INFO] CSC close completely, thanks for using!
2026-08-27 17:55:14 [INFO] CSC is loading...   Success！
2026-08-27 17:56:10 [INFO]    _____  _____  _____ 
2026-08-27 17:56:10 [INFO]   / ____|/ ____|/ ____|
2026-08-27 17:56:10 [INFO]  | |    | (___ | |        [CSC] Version: v2.27.45
2026-08-27 17:56:10 [INFO]  | |     \___ \| |        Minecraft Version: 1.21.1 neoforge
2026-08-27 17:56:10 [INFO]  | |____ ____) | |____    Problem/Feedback: Discord: https://discord.gg/rQV5JPauY7
2026-08-27 17:56:10 [INFO]   \_____|_____/ \_____|
2026-08-27 17:56:10 [INFO]                        
2026-08-27 18:13:08 [INFO] CSC close completely, thanks for using!
2026-08-27 19:11:49 [INFO] CSC is loading...   Success！
2026-08-28 05:29:50 [INFO] CSC is loading...   Success！
2026-08-28 05:55:49 [INFO]    _____  _____  _____ 
2026-08-28 05:55:49 [INFO]   / ____|/ ____|/ ____|
2026-08-28 05:55:49 [INFO]  | |    | (___ | |        [CSC] Version: v2.27.45
2026-08-28 05:55:49 [INFO]  | |     \___ \| |        Minecraft Version: 1.21.1 neoforge
2026-08-28 05:55:49 [INFO]  | |____ ____) | |____    Problem/Feedback: Discord: https://discord.gg/rQV5JPauY7
2026-08-28 05:55:49 [INFO]   \_____|_____/ \_____|
2026-08-28 05:55:49 [INFO]                        
2026-08-28 07:24:02 [INFO] CSC close completely, thanks for using!
2026-08-28 23:36:20 [INFO] CSC is loading...   Success！
2026-08-28 23:38:08 [INFO]    _____  _____  _____ 
2026-08-28 23:38:08 [INFO]   / ____|/ ____|/ ____|
2026-08-28 23:38:08 [INFO]  | |    | (___ | |        [CSC] Version: v2.27.45
2026-08-28 23:38:08 [INFO]  | |     \___ \| |        Minecraft Version: 1.21.1 neoforge
2026-08-28 23:38:08 [INFO]  | |____ ____) | |____    Problem/Feedback: Discord: https://discord.gg/rQV5JPauY7
2026-08-28 23:38:08 [INFO]   \_____|_____/ \_____|
2026-08-28 23:38:08 [INFO]                        
2026-08-29 00:00:56 [INFO] CSC close completely, thanks for using!
2026-08-29 02:11:33 [INFO] CSC is loading...   Success！
2026-08-29 02:24:11 [INFO]    _____  _____  _____ 
2026-08-29 02:24:11 [INFO]   / ____|/ ____|/ ____|
2026-08-29 02:24:11 [INFO]  | |    | (___ | |        [CSC] Version: v2.27.45
2026-08-29 02:24:11 [INFO]  | |     \___ \| |        Minecraft Version: 1.21.1 neoforge
2026-08-29 02:24:11 [INFO]  | |____ ____) | |____    Problem/Feedback: Discord: https://discord.gg/rQV5JPauY7
2026-08-29 02:24:11 [INFO]   \_____|_____/ \_____|
2026-08-29 02:24:11 [INFO]                        
2026-08-29 02:42:03 [INFO] CSC close completely, thanks for using!
2026-08-29 06:09:31 [INFO] CSC is loading...   Success！
2026-08-29 06:13:44 [INFO] CSC is loading...   Success！
2026-08-29 06:16:17 [INFO]    _____  _____  _____ 
2026-08-29 06:16:17 [INFO]   / ____|/ ____|/ ____|
2026-08-29 06:16:17 [INFO]  | |    | (___ | |        [CSC] Version: v2.27.45
2026-08-29 06:16:17 [INFO]  | |     \___ \| |        Minecraft Version: 1.21.1 neoforge
2026-08-29 06:16:17 [INFO]  | |____ ____) | |____    Problem/Feedback: Discord: https://discord.gg/rQV5JPauY7
2026-08-29 06:16:17 [INFO]   \_____|_____/ \_____|
2026-08-29 06:16:17 [INFO]                        
2026-08-29 06:33:05 [INFO] CSC close completely, thanks for using!
2026-08-30 03:30:18 [INFO] CSC is loading...   Success！
2026-08-30 03:32:12 [INFO]    _____  _____  _____ 
2026-08-30 03:32:12 [INFO]   / ____|/ ____|/ ____|
2026-08-30 03:32:12 [INFO]  | |    | (___ | |        [CSC] Version: v2.27.45
2026-08-30 03:32:12 [INFO]  | |     \___ \| |        Minecraft Version: 1.21.1 neoforge
2026-08-30 03:32:12 [INFO]  | |____ ____) | |____    Problem/Feedback: Discord: https://discord.gg/rQV5JPauY7
2026-08-30 03:32:12 [INFO]   \_____|_____/ \_____|
2026-08-30 03:32:12 [INFO]                        
2026-08-30 03:46:12 [INFO] CSC close completely, thanks for using!
2026-08-30 03:48:16 [INFO] CSC is loading...   Success！
2026-08-30 03:49:05 [INFO]    _____  _____  _____ 
2026-08-30 03:49:05 [INFO]   / ____|/ ____|/ ____|
2026-08-30 03:49:05 [INFO]  | |    | (___ | |        [CSC] Version: v2.27.45
2026-08-30 03:49:05 [INFO]  | |     \___ \| |        Minecraft Version: 1.21.1 neoforge
2026-08-30 03:49:05 [INFO]  | |____ ____) | |____    Problem/Feedback: Discord: https://discord.gg/rQV5JPauY7
2026-08-30 03:49:05 [INFO]   \_____|_____/ \_____|
2026-08-30 03:49:05 [INFO]                        
2026-08-30 04:26:26 [INFO] CSC close completely, thanks for using!
2026-08-30 05:04:32 [INFO] CSC is loading...   Success！
2026-08-31 04:02:51 [INFO] CSC is loading...   Success！
2026-08-31 04:03:40 [INFO]    _____  _____  _____ 
2026-08-31 04:03:40 [INFO]   / ____|/ ____|/ ____|
2026-08-31 04:03:40 [INFO]  | |    | (___ | |        [CSC] Version: v2.27.45
2026-08-31 04:03:40 [INFO]  | |     \___ \| |        Minecraft Version: 1.21.1 neoforge
2026-08-31 04:03:40 [INFO]  | |____ ____) | |____    Problem/Feedback: Discord: https://discord.gg/rQV5JPauY7
2026-08-31 04:03:40 [INFO]   \_____|_____/ \_____|
2026-08-31 04:03:40 [INFO]                        
2026-08-31 04:18:01 [INFO] CSC close completely, thanks for using!
2026-09-01 08:19:41 [INFO] CSC is loading...   Success！
2026-09-02 19:36:16 [INFO] CSC is loading...   Success！
2026-09-02 19:37:07 [INFO]    _____  _____  _____ 
2026-09-02 19:37:07 [INFO]   / ____|/ ____|/ ____|
2026-09-02 19:37:07 [INFO]  | |    | (___ | |        [CSC] Version: v2.27.45
2026-09-02 19:37:07 [INFO]  | |     \___ \| |        Minecraft Version: 1.21.1 neoforge
2026-09-02 19:37:07 [INFO]  | |____ ____) | |____    Problem/Feedback: Discord: https://discord.gg/rQV5JPauY7
2026-09-02 19:37:07 [INFO]   \_____|_____/ \_____|
2026-09-02 19:37:07 [INFO]                        
2026-09-02 19:40:38 [INFO] CSC close completely, thanks for using!
2026-09-04 13:00:34 [INFO] CSC is loading...   Success！
2026-09-04 13:02:52 [INFO]    _____  _____  _____ 
2026-09-04 13:02:52 [INFO]   / ____|/ ____|/ ____|
2026-09-04 13:02:52 [INFO]  | |    | (___ | |        [CSC] Version: v2.27.45
2026-09-04 13:02:52 [INFO]  | |     \___ \| |        Minecraft Version: 1.21.1 neoforge
2026-09-04 13:02:52 [INFO]  | |____ ____) | |____    Problem/Feedback: Discord: https://discord.gg/rQV5JPauY7
2026-09-04 13:02:52 [INFO]   \_____|_____/ \_____|
2026-09-04 13:02:52 [INFO]                        
2026-09-04 13:07:26 [INFO] CSC close completely, thanks for using!
2026-09-04 13:09:19 [INFO] CSC is loading...   Success！
2026-09-04 13:30:14 [INFO] CSC is loading...   Success！
2026-09-04 13:32:28 [INFO]    _____  _____  _____ 
2026-09-04 13:32:28 [INFO]   / ____|/ ____|/ ____|
2026-09-04 13:32:28 [INFO]  | |    | (___ | |        [CSC] Version: v2.27.45
2026-09-04 13:32:28 [INFO]  | |     \___ \| |        Minecraft Version: 1.21.1 neoforge
2026-09-04 13:32:28 [INFO]  | |____ ____) | |____    Problem/Feedback: Discord: https://discord.gg/rQV5JPauY7
2026-09-04 13:32:28 [INFO]   \_____|_____/ \_____|
2026-09-04 13:32:28 [INFO]                        
2026-09-04 13:33:44 [INFO] CSC close completely, thanks for using!
2026-09-04 23:28:59 [INFO] CSC is loading...   Success！
2026-09-04 23:35:55 [INFO] CSC is loading...   Success！
2026-09-04 23:39:21 [INFO]    _____  _____  _____ 
2026-09-04 23:39:21 [INFO]   / ____|/ ____|/ ____|
2026-09-04 23:39:21 [INFO]  | |    | (___ | |        [CSC] Version: v2.27.45
2026-09-04 23:39:21 [INFO]  | |     \___ \| |        Minecraft Version: 1.21.1 neoforge
2026-09-04 23:39:21 [INFO]  | |____ ____) | |____    Problem/Feedback: Discord: https://discord.gg/rQV5JPauY7
2026-09-04 23:39:21 [INFO]   \_____|_____/ \_____|
2026-09-04 23:39:21 [INFO]                        
2026-09-04 23:59:40 [INFO] CSC close completely, thanks for using!
2026-09-05 00:00:21 [INFO]    _____  _____  _____ 
2026-09-05 00:00:21 [INFO]   / ____|/ ____|/ ____|
2026-09-05 00:00:21 [INFO]  | |    | (___ | |        [CSC] Version: v2.27.45
2026-09-05 00:00:21 [INFO]  | |     \___ \| |        Minecraft Version: 1.21.1 neoforge
2026-09-05 00:00:21 [INFO]  | |____ ____) | |____    Problem/Feedback: Discord: https://discord.gg/rQV5JPauY7
2026-09-05 00:00:21 [INFO]   \_____|_____/ \_____|
2026-09-05 00:00:21 [INFO]                        
2026-09-05 00:14:46 [INFO] CSC close completely, thanks for using!
2026-09-05 00:23:45 [INFO] CSC is loading...   Success！
2026-09-05 00:25:42 [INFO]    _____  _____  _____ 
2026-09-05 00:25:42 [INFO]   / ____|/ ____|/ ____|
2026-09-05 00:25:42 [INFO]  | |    | (___ | |        [CSC] Version: v2.27.45
2026-09-05 00:25:42 [INFO]  | |     \___ \| |        Minecraft Version: 1.21.1 neoforge
2026-09-05 00:25:42 [INFO]  | |____ ____) | |____    Problem/Feedback: Discord: https://discord.gg/rQV5JPauY7
2026-09-05 00:25:42 [INFO]   \_____|_____/ \_____|
2026-09-05 00:25:42 [INFO]                        
2026-09-05 00:26:46 [INFO] CSC close completely, thanks for using!
2026-09-05 00:28:04 [INFO] CSC is loading...   Success！
2026-09-05 00:29:03 [INFO]    _____  _____  _____ 
2026-09-05 00:29:03 [INFO]   / ____|/ ____|/ ____|
2026-09-05 00:29:03 [INFO]  | |    | (___ | |        [CSC] Version: v2.27.45
2026-09-05 00:29:03 [INFO]  | |     \___ \| |        Minecraft Version: 1.21.1 neoforge
2026-09-05 00:29:03 [INFO]  | |____ ____) | |____    Problem/Feedback: Discord: https://discord.gg/rQV5JPauY7
2026-09-05 00:29:03 [INFO]   \_____|_____/ \_____|
2026-09-05 00:29:03 [INFO]                        
2026-09-05 00:30:40 [INFO] CSC close completely, thanks for using!
2026-09-05 00:31:12 [INFO]    _____  _____  _____ 
2026-09-05 00:31:12 [INFO]   / ____|/ ____|/ ____|
2026-09-05 00:31:12 [INFO]  | |    | (___ | |        [CSC] Version: v2.27.45
2026-09-05 00:31:12 [INFO]  | |     \___ \| |        Minecraft Version: 1.21.1 neoforge
2026-09-05 00:31:12 [INFO]  | |____ ____) | |____    Problem/Feedback: Discord: https://discord.gg/rQV5JPauY7
2026-09-05 00:31:12 [INFO]   \_____|_____/ \_____|
2026-09-05 00:31:12 [INFO]                        
2026-09-05 00:32:01 [INFO] CSC close completely, thanks for using!
2026-09-05 00:32:35 [INFO]    _____  _____  _____ 
2026-09-05 00:32:35 [INFO]   / ____|/ ____|/ ____|
2026-09-05 00:32:35 [INFO]  | |    | (___ | |        [CSC] Version: v2.27.45
2026-09-05 00:32:35 [INFO]  | |     \___ \| |        Minecraft Version: 1.21.1 neoforge
2026-09-05 00:32:35 [INFO]  | |____ ____) | |____    Problem/Feedback: Discord: https://discord.gg/rQV5JPauY7
2026-09-05 00:32:35 [INFO]   \_____|_____/ \_____|
2026-09-05 00:32:35 [INFO]                        
2026-09-05 00:33:42 [INFO] CSC close completely, thanks for using!
2026-09-05 00:34:17 [INFO]    _____  _____  _____ 
2026-09-05 00:34:17 [INFO]   / ____|/ ____|/ ____|
2026-09-05 00:34:17 [INFO]  | |    | (___ | |        [CSC] Version: v2.27.45
2026-09-05 00:34:17 [INFO]  | |     \___ \| |        Minecraft Version: 1.21.1 neoforge
2026-09-05 00:34:17 [INFO]  | |____ ____) | |____    Problem/Feedback: Discord: https://discord.gg/rQV5JPauY7
2026-09-05 00:34:17 [INFO]   \_____|_____/ \_____|
2026-09-05 00:34:17 [INFO]                        
2026-09-05 00:35:17 [INFO] CSC close completely, thanks for using!
2026-09-05 00:35:47 [INFO]    _____  _____  _____ 
2026-09-05 00:35:47 [INFO]   / ____|/ ____|/ ____|
2026-09-05 00:35:47 [INFO]  | |    | (___ | |        [CSC] Version: v2.27.45
2026-09-05 00:35:47 [INFO]  | |     \___ \| |        Minecraft Version: 1.21.1 neoforge
2026-09-05 00:35:47 [INFO]  | |____ ____) | |____    Problem/Feedback: Discord: https://discord.gg/rQV5JPauY7
2026-09-05 00:35:47 [INFO]   \_____|_____/ \_____|
2026-09-05 00:35:47 [INFO]                        
2026-09-05 00:37:07 [INFO] CSC close completely, thanks for using!
2026-09-05 00:37:39 [INFO]    _____  _____  _____ 
2026-09-05 00:37:39 [INFO]   / ____|/ ____|/ ____|
2026-09-05 00:37:39 [INFO]  | |    | (___ | |        [CSC] Version: v2.27.45
2026-09-05 00:37:39 [INFO]  | |     \___ \| |        Minecraft Version: 1.21.1 neoforge
2026-09-05 00:37:39 [INFO]  | |____ ____) | |____    Problem/Feedback: Discord: https://discord.gg/rQV5JPauY7
2026-09-05 00:37:39 [INFO]   \_____|_____/ \_____|
2026-09-05 00:37:39 [INFO]                        
2026-09-05 00:39:28 [INFO] CSC close completely, thanks for using!
2026-09-05 15:58:38 [INFO] CSC is loading...   Success！
2026-09-05 16:00:57 [INFO]    _____  _____  _____ 
2026-09-05 16:00:57 [INFO]   / ____|/ ____|/ ____|
2026-09-05 16:00:57 [INFO]  | |    | (___ | |        [CSC] Version: v2.27.45
2026-09-05 16:00:57 [INFO]  | |     \___ \| |        Minecraft Version: 1.21.1 neoforge
2026-09-05 16:00:57 [INFO]  | |____ ____) | |____    Problem/Feedback: Discord: https://discord.gg/rQV5JPauY7
2026-09-05 16:00:57 [INFO]   \_____|_____/ \_____|
2026-09-05 16:00:57 [INFO]                        
2026-09-05 16:03:21 [INFO] CSC close completely, thanks for using!
2026-09-05 16:07:18 [INFO]    _____  _____  _____ 
2026-09-05 16:07:18 [INFO]   / ____|/ ____|/ ____|
2026-09-05 16:07:18 [INFO]  | |    | (___ | |        [CSC] Version: v2.27.45
2026-09-05 16:07:18 [INFO]  | |     \___ \| |        Minecraft Version: 1.21.1 neoforge
2026-09-05 16:07:18 [INFO]  | |____ ____) | |____    Problem/Feedback: Discord: https://discord.gg/rQV5JPauY7
2026-09-05 16:07:18 [INFO]   \_____|_____/ \_____|
2026-09-05 16:07:18 [INFO]                        
2026-09-05 16:11:12 [INFO] CSC close completely, thanks for using!
2026-09-05 16:12:30 [INFO]    _____  _____  _____ 
2026-09-05 16:12:30 [INFO]   / ____|/ ____|/ ____|
2026-09-05 16:12:30 [INFO]  | |    | (___ | |        [CSC] Version: v2.27.45
2026-09-05 16:12:30 [INFO]  | |     \___ \| |        Minecraft Version: 1.21.1 neoforge
2026-09-05 16:12:30 [INFO]  | |____ ____) | |____    Problem/Feedback: Discord: https://discord.gg/rQV5JPauY7
2026-09-05 16:12:30 [INFO]   \_____|_____/ \_____|
2026-09-05 16:12:30 [INFO]                        
2026-09-05 17:08:14 [INFO] CSC is loading...   Success！
2026-09-05 17:17:44 [INFO] CSC is loading...   Success！
2026-09-05 17:19:47 [INFO]    _____  _____  _____ 
2026-09-05 17:19:47 [INFO]   / ____|/ ____|/ ____|
2026-09-05 17:19:47 [INFO]  | |    | (___ | |        [CSC] Version: v2.27.45
2026-09-05 17:19:48 [INFO]  | |     \___ \| |        Minecraft Version: 1.21.1 neoforge
2026-09-05 17:19:48 [INFO]  | |____ ____) | |____    Problem/Feedback: Discord: https://discord.gg/rQV5JPauY7
2026-09-05 17:19:48 [INFO]   \_____|_____/ \_____|
2026-09-05 17:19:48 [INFO]                        
2026-09-05 17:59:19 [INFO] CSC close completely, thanks for using!
2026-09-05 18:03:23 [INFO]    _____  _____  _____ 
2026-09-05 18:03:23 [INFO]   / ____|/ ____|/ ____|
2026-09-05 18:03:23 [INFO]  | |    | (___ | |        [CSC] Version: v2.27.45
2026-09-05 18:03:23 [INFO]  | |     \___ \| |        Minecraft Version: 1.21.1 neoforge
2026-09-05 18:03:23 [INFO]  | |____ ____) | |____    Problem/Feedback: Discord: https://discord.gg/rQV5JPauY7
2026-09-05 18:03:23 [INFO]   \_____|_____/ \_____|
2026-09-05 18:03:23 [INFO]                        
2026-09-05 19:36:03 [INFO] CSC close completely, thanks for using!
2026-09-05 19:36:37 [INFO]    _____  _____  _____ 
2026-09-05 19:36:37 [INFO]   / ____|/ ____|/ ____|
2026-09-05 19:36:37 [INFO]  | |    | (___ | |        [CSC] Version: v2.27.45
2026-09-05 19:36:37 [INFO]  | |     \___ \| |        Minecraft Version: 1.21.1 neoforge
2026-09-05 19:36:37 [INFO]  | |____ ____) | |____    Problem/Feedback: Discord: https://discord.gg/rQV5JPauY7
2026-09-05 19:36:37 [INFO]   \_____|_____/ \_____|
2026-09-05 19:36:37 [INFO]                        
2026-09-05 19:37:05 [INFO] CSC close completely, thanks for using!
2026-09-05 19:38:43 [INFO] CSC is loading...   Success！
2026-09-05 19:40:34 [INFO]    _____  _____  _____ 
2026-09-05 19:40:34 [INFO]   / ____|/ ____|/ ____|
2026-09-05 19:40:34 [INFO]  | |    | (___ | |        [CSC] Version: v2.27.45
2026-09-05 19:40:34 [INFO]  | |     \___ \| |        Minecraft Version: 1.21.1 neoforge
2026-09-05 19:40:34 [INFO]  | |____ ____) | |____    Problem/Feedback: Discord: https://discord.gg/rQV5JPauY7
2026-09-05 19:40:34 [INFO]   \_____|_____/ \_____|
2026-09-05 19:40:34 [INFO]                        
2026-09-05 20:21:41 [INFO] CSC close completely, thanks for using!
2026-09-05 20:37:36 [INFO] CSC is loading...   Success！
2026-09-05 20:40:20 [INFO]    _____  _____  _____ 
2026-09-05 20:40:20 [INFO]   / ____|/ ____|/ ____|
2026-09-05 20:40:20 [INFO]  | |    | (___ | |        [CSC] Version: v2.27.45
2026-09-05 20:40:20 [INFO]  | |     \___ \| |        Minecraft Version: 1.21.1 neoforge
2026-09-05 20:40:20 [INFO]  | |____ ____) | |____    Problem/Feedback: Discord: https://discord.gg/rQV5JPauY7
2026-09-05 20:40:20 [INFO]   \_____|_____/ \_____|
2026-09-05 20:40:20 [INFO]                        
2026-09-05 20:52:56 [INFO] CSC close completely, thanks for using!
2026-09-05 21:01:11 [INFO]    _____  _____  _____ 
2026-09-05 21:01:11 [INFO]   / ____|/ ____|/ ____|
2026-09-05 21:01:11 [INFO]  | |    | (___ | |        [CSC] Version: v2.27.45
2026-09-05 21:01:11 [INFO]  | |     \___ \| |        Minecraft Version: 1.21.1 neoforge
2026-09-05 21:01:11 [INFO]  | |____ ____) | |____    Problem/Feedback: Discord: https://discord.gg/rQV5JPauY7
2026-09-05 21:01:11 [INFO]   \_____|_____/ \_____|
2026-09-05 21:01:11 [INFO]                        
2026-09-05 21:04:17 [INFO] CSC close completely, thanks for using!
2026-09-05 21:08:46 [INFO]    _____  _____  _____ 
2026-09-05 21:08:46 [INFO]   / ____|/ ____|/ ____|
2026-09-05 21:08:46 [INFO]  | |    | (___ | |        [CSC] Version: v2.27.45
2026-09-05 21:08:46 [INFO]  | |     \___ \| |        Minecraft Version: 1.21.1 neoforge
2026-09-05 21:08:46 [INFO]  | |____ ____) | |____    Problem/Feedback: Discord: https://discord.gg/rQV5JPauY7
2026-09-05 21:08:46 [INFO]   \_____|_____/ \_____|
2026-09-05 21:08:46 [INFO]                        
2026-09-05 22:08:13 [INFO] CSC close completely, thanks for using!
2026-09-06 07:47:47 [INFO] CSC is loading...   Success！
2026-09-06 07:52:10 [INFO]    _____  _____  _____ 
2026-09-06 07:52:10 [INFO]   / ____|/ ____|/ ____|
2026-09-06 07:52:10 [INFO]  | |    | (___ | |        [CSC] Version: v2.27.45
2026-09-06 07:52:10 [INFO]  | |     \___ \| |        Minecraft Version: 1.21.1 neoforge
2026-09-06 07:52:10 [INFO]  | |____ ____) | |____    Problem/Feedback: Discord: https://discord.gg/rQV5JPauY7
2026-09-06 07:52:10 [INFO]   \_____|_____/ \_____|
2026-09-06 07:52:10 [INFO]                        
2026-09-06 08:37:41 [INFO] CSC close completely, thanks for using!
2026-09-06 08:38:25 [INFO]    _____  _____  _____ 
2026-09-06 08:38:25 [INFO]   / ____|/ ____|/ ____|
2026-09-06 08:38:25 [INFO]  | |    | (___ | |        [CSC] Version: v2.27.45
2026-09-06 08:38:25 [INFO]  | |     \___ \| |        Minecraft Version: 1.21.1 neoforge
2026-09-06 08:38:25 [INFO]  | |____ ____) | |____    Problem/Feedback: Discord: https://discord.gg/rQV5JPauY7
2026-09-06 08:38:25 [INFO]   \_____|_____/ \_____|
2026-09-06 08:38:25 [INFO]                        
2026-09-06 08:44:45 [INFO] CSC close completely, thanks for using!
2026-09-06 09:52:18 [INFO] CSC is loading...   Success！
2026-09-06 09:57:36 [INFO]    _____  _____  _____ 
2026-09-06 09:57:36 [INFO]   / ____|/ ____|/ ____|
2026-09-06 09:57:36 [INFO]  | |    | (___ | |        [CSC] Version: v2.27.45
2026-09-06 09:57:36 [INFO]  | |     \___ \| |        Minecraft Version: 1.21.1 neoforge
2026-09-06 09:57:36 [INFO]  | |____ ____) | |____    Problem/Feedback: Discord: https://discord.gg/rQV5JPauY7
2026-09-06 09:57:36 [INFO]   \_____|_____/ \_____|
2026-09-06 09:57:36 [INFO]                        
2026-09-06 10:06:46 [INFO] CSC close completely, thanks for using!
2026-09-06 10:14:32 [INFO] CSC is loading...   Success！
2026-09-06 10:17:03 [INFO]    _____  _____  _____ 
2026-09-06 10:17:03 [INFO]   / ____|/ ____|/ ____|
2026-09-06 10:17:03 [INFO]  | |    | (___ | |        [CSC] Version: v2.27.45
2026-09-06 10:17:03 [INFO]  | |     \___ \| |        Minecraft Version: 1.21.1 neoforge
2026-09-06 10:17:03 [INFO]  | |____ ____) | |____    Problem/Feedback: Discord: https://discord.gg/rQV5JPauY7
2026-09-06 10:17:03 [INFO]   \_____|_____/ \_____|
2026-09-06 10:17:03 [INFO]                        
2026-09-06 10:21:38 [INFO] CSC close completely, thanks for using!
2026-09-06 10:25:02 [INFO] CSC is loading...   Success！
2026-09-06 10:27:43 [INFO] CSC is loading...   Success！
2026-09-06 10:28:44 [INFO]    _____  _____  _____ 
2026-09-06 10:28:44 [INFO]   / ____|/ ____|/ ____|
2026-09-06 10:28:44 [INFO]  | |    | (___ | |        [CSC] Version: v2.27.45
2026-09-06 10:28:44 [INFO]  | |     \___ \| |        Minecraft Version: 1.21.1 neoforge
2026-09-06 10:28:44 [INFO]  | |____ ____) | |____    Problem/Feedback: Discord: https://discord.gg/rQV5JPauY7
2026-09-06 10:28:44 [INFO]   \_____|_____/ \_____|
2026-09-06 10:28:44 [INFO]                        
2026-09-06 11:21:37 [INFO] CSC close completely, thanks for using!
2026-09-06 11:31:36 [INFO] CSC is loading...   Success！
2026-09-06 11:33:24 [INFO]    _____  _____  _____ 
2026-09-06 11:33:24 [INFO]   / ____|/ ____|/ ____|
2026-09-06 11:33:24 [INFO]  | |    | (___ | |        [CSC] Version: v2.27.45
2026-09-06 11:33:24 [INFO]  | |     \___ \| |        Minecraft Version: 1.21.1 neoforge
2026-09-06 11:33:24 [INFO]  | |____ ____) | |____    Problem/Feedback: Discord: https://discord.gg/rQV5JPauY7
2026-09-06 11:33:24 [INFO]   \_____|_____/ \_____|
2026-09-06 11:33:24 [INFO]                        
2026-09-06 11:44:16 [INFO] CSC close completely, thanks for using!
2026-09-06 11:46:35 [INFO] CSC is loading...   Success！
2026-09-06 11:47:40 [INFO]    _____  _____  _____ 
2026-09-06 11:47:40 [INFO]   / ____|/ ____|/ ____|
2026-09-06 11:47:40 [INFO]  | |    | (___ | |        [CSC] Version: v2.27.45
2026-09-06 11:47:40 [INFO]  | |     \___ \| |        Minecraft Version: 1.21.1 neoforge
2026-09-06 11:47:40 [INFO]  | |____ ____) | |____    Problem/Feedback: Discord: https://discord.gg/rQV5JPauY7
2026-09-06 11:47:40 [INFO]   \_____|_____/ \_____|
2026-09-06 11:47:40 [INFO]                        
2026-09-06 11:55:47 [INFO] CSC close completely, thanks for using!
2026-09-06 11:57:13 [INFO] CSC is loading...   Success！
2026-09-06 11:58:20 [INFO]    _____  _____  _____ 
2026-09-06 11:58:20 [INFO]   / ____|/ ____|/ ____|
2026-09-06 11:58:20 [INFO]  | |    | (___ | |        [CSC] Version: v2.27.45
2026-09-06 11:58:20 [INFO]  | |     \___ \| |        Minecraft Version: 1.21.1 neoforge
2026-09-06 11:58:20 [INFO]  | |____ ____) | |____    Problem/Feedback: Discord: https://discord.gg/rQV5JPauY7
2026-09-06 11:58:20 [INFO]   \_____|_____/ \_____|
2026-09-06 11:58:20 [INFO]                        
2026-09-06 11:59:52 [INFO] CSC close completely, thanks for using!
2026-09-06 12:03:29 [INFO] CSC is loading...   Success！
2026-09-06 12:04:44 [INFO]    _____  _____  _____ 
2026-09-06 12:04:44 [INFO]   / ____|/ ____|/ ____|
2026-09-06 12:04:44 [INFO]  | |    | (___ | |        [CSC] Version: v2.27.45
2026-09-06 12:04:44 [INFO]  | |     \___ \| |        Minecraft Version: 1.21.1 neoforge
2026-09-06 12:04:44 [INFO]  | |____ ____) | |____    Problem/Feedback: Discord: https://discord.gg/rQV5JPauY7
2026-09-06 12:04:44 [INFO]   \_____|_____/ \_____|
2026-09-06 12:04:44 [INFO]                        
2026-09-06 12:06:12 [INFO] CSC close completely, thanks for using!
2026-09-06 12:07:45 [INFO] CSC is loading...   Success！
2026-09-06 12:08:49 [INFO]    _____  _____  _____ 
2026-09-06 12:08:49 [INFO]   / ____|/ ____|/ ____|
2026-09-06 12:08:49 [INFO]  | |    | (___ | |        [CSC] Version: v2.27.45
2026-09-06 12:08:49 [INFO]  | |     \___ \| |        Minecraft Version: 1.21.1 neoforge
2026-09-06 12:08:49 [INFO]  | |____ ____) | |____    Problem/Feedback: Discord: https://discord.gg/rQV5JPauY7
2026-09-06 12:08:49 [INFO]   \_____|_____/ \_____|
2026-09-06 12:08:49 [INFO]                        
2026-09-06 12:09:32 [INFO] CSC close completely, thanks for using!
2026-09-06 12:12:23 [INFO]    _____  _____  _____ 
2026-09-06 12:12:23 [INFO]   / ____|/ ____|/ ____|
2026-09-06 12:12:23 [INFO]  | |    | (___ | |        [CSC] Version: v2.27.45
2026-09-06 12:12:23 [INFO]  | |     \___ \| |        Minecraft Version: 1.21.1 neoforge
2026-09-06 12:12:23 [INFO]  | |____ ____) | |____    Problem/Feedback: Discord: https://discord.gg/rQV5JPauY7
2026-09-06 12:12:23 [INFO]   \_____|_____/ \_____|
2026-09-06 12:12:23 [INFO]                        
2026-09-06 12:13:44 [INFO] CSC close completely, thanks for using!
